[stocksavenue.in/index.html]
[backblue.gif]
[fade.gif]
[index.html]
[stocksavenue.in/manifest.webmanifest]
[stocksavenue.in/sw.js]
[stocksavenue.in/shop3aec.html]
[stocksavenue.in/contact-us.html]
[stocksavenue.in/chat-live-on-whatsapp.html]
[stocksavenue.in/terms-&-conditions.html]
[stocksavenue.in/policies-and-disclaimers.html]
[stocksavenue.in/shop-now.html]
[stocksavenue.in/shop.html]
[stocksavenue.in/demat-account-open.html]
[stocksavenue.in/m/logina8b9.html]
[stocksavenue.in/m/create-account.html]
[stocksavenue.in/m/logined0f.html]
[stocksavenue.in/buy-sell-signal-indictors.html]
[stocksavenue.in/terms-and-conditions.html]
[img1.wsimg.com/poly/v3/polyfill.min6ee5.js]
[img1.wsimg.com/blobby/go/81a2182d-4fc8-4cb2-8b7e-9752c3c1df11/gpub/143ded9f8f0bd60/script.js]
[connect.facebook.net/en_US/fbevents.js]
[img1.wsimg.com/blobby/go/81a2182d-4fc8-4cb2-8b7e-9752c3c1df11/gpub/906023cc9504cbb/script.js]
[img1.wsimg.com/ceph-p3-01/website-builder-data-prod/static/widgets/UX.4.25.3.js]
[img6.wsimg.com/wrhs/362d20193a8fed115f99b16a157b7fc4/tccl.min.js]
[stocksavenue.in/index.html]
[img1.wsimg.com/blobby/go/81a2182d-4fc8-4cb2-8b7e-9752c3c1df11/gpub/b0b3e58abfb4dc51/script.js]
[stocksavenue.in/shop3aec.html]
[img1.wsimg.com/blobby/go/81a2182d-4fc8-4cb2-8b7e-9752c3c1df11/gpub/2b9af9c34db01d87/script.js]
[stocksavenue.in/contact-us.html]
[img1.wsimg.com/blobby/go/81a2182d-4fc8-4cb2-8b7e-9752c3c1df11/gpub/fef41a082b221c9/script.js]
[img1.wsimg.com/blobby/go/81a2182d-4fc8-4cb2-8b7e-9752c3c1df11/gpub/54c2cdaf6e7736b5/script.js]
[stocksavenue.in/chat-live-on-whatsapp.html]
[img1.wsimg.com/blobby/go/81a2182d-4fc8-4cb2-8b7e-9752c3c1df11/gpub/8e26a613cca24191/script.js]
[img1.wsimg.com/blobby/go/81a2182d-4fc8-4cb2-8b7e-9752c3c1df11/gpub/3714c5e55eaefb98/script.js]
[stocksavenue.in/terms-&-conditions.html]
[img1.wsimg.com/blobby/go/81a2182d-4fc8-4cb2-8b7e-9752c3c1df11/gpub/ced95f6c672bd292/script.js]
[img1.wsimg.com/blobby/go/81a2182d-4fc8-4cb2-8b7e-9752c3c1df11/gpub/a07b7b82864d361c/script.js]
[stocksavenue.in/policies-and-disclaimers.html]
[img1.wsimg.com/blobby/go/81a2182d-4fc8-4cb2-8b7e-9752c3c1df11/gpub/6ba7ff44c1dea0dc/script.js]
[img1.wsimg.com/blobby/go/81a2182d-4fc8-4cb2-8b7e-9752c3c1df11/gpub/639b1d3516979e38/script.js]
[stocksavenue.in/shop-now.html]
[stocksavenue.in/shop.html]
[img1.wsimg.com/blobby/go/81a2182d-4fc8-4cb2-8b7e-9752c3c1df11/gpub/488c46cba7ac2f48/script.js]
[img1.wsimg.com/blobby/go/81a2182d-4fc8-4cb2-8b7e-9752c3c1df11/gpub/97b363b396dc1737/script.js]
[img1.wsimg.com/blobby/go/81a2182d-4fc8-4cb2-8b7e-9752c3c1df11/gpub/d4955febb40f06a8/script.js]
[stocksavenue.in/demat-account-open.html]
[img1.wsimg.com/blobby/go/81a2182d-4fc8-4cb2-8b7e-9752c3c1df11/gpub/a6626cd7e96ea647/script.js]
[stocksavenue.in/m/login.html]
[stocksavenue.in/m/logina8b9.html]
[img1.wsimg.com/blobby/go/81a2182d-4fc8-4cb2-8b7e-9752c3c1df11/gpub/b30d6e1eab79ec3a/script.js]
[stocksavenue.in/m/create-account.html]
[stocksavenue.in/m/logined0f.html]
[img1.wsimg.com/blobby/go/81a2182d-4fc8-4cb2-8b7e-9752c3c1df11/gpub/7199c7b11cc141aa/script.js]
[img1.wsimg.com/blobby/go/81a2182d-4fc8-4cb2-8b7e-9752c3c1df11/gpub/34bbf97d7a8ad790/script.js]
[img1.wsimg.com/blobby/go/81a2182d-4fc8-4cb2-8b7e-9752c3c1df11/gpub/2041e920b61085be/script.js]
[img1.wsimg.com/blobby/go/81a2182d-4fc8-4cb2-8b7e-9752c3c1df11/gpub/59420cc17eeb8752/script.js]
[stocksavenue.in/buy-sell-signal-indictors.html]
[img1.wsimg.com/blobby/go/81a2182d-4fc8-4cb2-8b7e-9752c3c1df11/gpub/13b99ff1e2c22841/script.js]
[img1.wsimg.com/blobby/go/81a2182d-4fc8-4cb2-8b7e-9752c3c1df11/gpub/b7b8097167266396/script.js]
[stocksavenue.in/terms-and-conditions.html]
[img1.wsimg.com/blobby/go/81a2182d-4fc8-4cb2-8b7e-9752c3c1df11/gpub/389710083dfbe4f4/script.js]
[connect.facebook.net/en_US/fbevents.js]
[img1.wsimg.com/traffic-assets/js/tccl-tti.min.html]
[stocksavenue.in/_https_/1.bp.blogspot.com/-GanPunbEYCY/X_2Hr35rJ9I/AAAAAAAAC8s/gSQLznWOW1IyXueU1UkhJ9MF6FOgM2wOQCLcBGAsYHQ/w640-h426/Zerodha+%281%29.html]
[stocksavenue.in/m/login.html]
[stocksavenue.in/_https_/blogger.googleusercontent.com/img/b/R29vZ2xl/AVvXsEhioKaGEe8Rdu0-fLOyVZI8fCNDjstygBGDflvyi1L/w400-h181/Studio-Project (1).html]
[stocksavenue.in/c.html]
[stocksavenue.in/b.html]
[stocksavenue.in/POST.html]
